// Jest Snapshot v1, https://goo.gl/fbAQLP

exports[`chatsReducer adding chats 1`] = `Array []`;
